app.hypermedia.testing.dsl.tests.generator.hydra.DefaultHeadersTest.multipleHeadersWithSameName_allGetGenerated=[
  {
    "map": {
      "defaultHeaders": {
        "map": {
          "X-Foo": {
            "myArrayList": [
              "Bar",
              "Baz"
            ],
            "empty": false
          }
        },
        "empty": false
      }
    },
    "empty": false
  }
]