app.hypermedia.testing.dsl.tests.generator.core.EntrypointTest.entrypoint_generatesInJson=[
  {
    "map": {
      "entrypoint": "path/to/entry"
    },
    "empty": false
  }
]